tokenize_Out:
INT: 4, OP: <, INT: 6, NAME: and, INT: 45, OP: ==, INT: 45, NAME: and, INT: 23, OP: ==, INT: 32, STRING: should execute till end of line 1, INT: 23, OP: ==, INT: 32, NAME: and, INT: 45, OP: ==, INT: 45, NAME: and, INT: 4, OP: <, INT: 6, STRING: should jump to line 5 after 23==32, INT: 23, OP: ==, INT: 23, NAME: and, INT: 45, OP: !=, INT: 45, NAME: and, INT: 4, OP: <, INT: 6, STRING: should jump to line 7 after 45!=45, INT: 34, OP: ==, INT: 11, OP: *, INT: 3, NAME: and, INT: 23, OP: ==, INT: 23, STRING: should jump to value 1024 after 34 == 11 * 3, INT: 1024, EOF: line 9
__SECTION__
tokenize_Err:

__SECTION__
compile_Out:
0 errors
242 instructions [4, 4, 4, 6, 17, 14, 15, 0, 11, 4, 45, 4, 45, 15, 14, 6, 0, 11, 4, 23, 4, 32, 15, 8, 115, 104, 111, 117, 108, 100, 32, 101, 120, 101, 99, 117, 116, 101, 32, 116, 105, 108, 108, 32, 101, 110, 100, 32, 111, 102, 32, 108, 105, 110, 101, 32, 49, 0, 4, 23, 4, 32, 15, 14, 15, 0, 11, 4, 45, 4, 45, 15, 14, 6, 0, 11, 4, 4, 4, 6, 17, 8, 115, 104, 111, 117, 108, 100, 32, 106, 117, 109, 112, 32, 116, 111, 32, 108, 105, 110, 101, 32, 53, 32, 97, 102, 116, 101, 114, 32, 50, 51, 61, 61, 51, 50, 0, 4, 23, 4, 23, 15, 14, 15, 0, 11, 4, 45, 4, 45, 16, 14, 6, 0, 11, 4, 4, 4, 6, 17, 8, 115, 104, 111, 117, 108, 100, 32, 106, 117, 109, 112, 32, 116, 111, 32, 108, 105, 110, 101, 32, 55, 32, 97, 102, 116, 101, 114, 32, 52, 53, 33, 61, 52, 53, 0, 4, 34, 4, 11, 4, 3, 23, 15, 14, 6, 0, 11, 4, 23, 4, 23, 15, 8, 115, 104, 111, 117, 108, 100, 32, 106, 117, 109, 112, 32, 116, 111, 32, 118, 97, 108, 117, 101, 32, 49, 48, 50, 52, 32, 97, 102, 116, 101, 114, 32, 51, 52, 32, 61, 61, 32, 49, 49, 32, 42, 32, 51, 0, 5, 0, 4]
__SECTION__
compile_Err:

__SECTION__
simulation_Out:
0    	OP_INT1 => 4 --
2    	OP_INT1 => 6 --
4    	OP_LT => True --
5    	OP_JUMP_IF_FALSE => !jump 15 --
8    	OP_POP => True --
9    	OP_INT1 => 45 --
11   	OP_INT1 => 45 --
13   	OP_EQ => True --
14   	OP_JUMP_IF_FALSE => !jump 6 --
17   	OP_POP => True --
18   	OP_INT1 => 23 --
20   	OP_INT1 => 32 --
22   	OP_EQ => False --
23   	OP_STRING => should execute till end of line 1 --
58   	OP_INT1 => 23 --
60   	OP_INT1 => 32 --
62   	OP_EQ => False --
63   	OP_JUMP_IF_FALSE => jump 15 --
81   	OP_STRING => should jump to line 5 after 23==32 --
117  	OP_INT1 => 23 --
119  	OP_INT1 => 23 --
121  	OP_EQ => True --
122  	OP_JUMP_IF_FALSE => !jump 15 --
125  	OP_POP => True --
126  	OP_INT1 => 45 --
128  	OP_INT1 => 45 --
130  	OP_NEQ => False --
131  	OP_JUMP_IF_FALSE => jump 6 --
140  	OP_STRING => should jump to line 7 after 45!=45 --
176  	OP_INT1 => 34 --
178  	OP_INT1 => 11 --
180  	OP_INT1 => 3 --
182  	OP_MUL => 33 --
183  	OP_EQ => False --
184  	OP_JUMP_IF_FALSE => jump 6 --
193  	OP_STRING => should jump to value 1024 after 34 == 11 * 3 --
239  	OP_INT2 => 1024 --
__SECTION__
simulation_Err:
