tokenize_Out:
STRING: should jump to line 3 after 4<6, INT: 4, OP: <, INT: 6, NAME: or, INT: 45, OP: ==, INT: 45, NAME: or, INT: 23, OP: ==, INT: 32, STRING: should execute all line 4, INT: 23, OP: ==, INT: 32, NAME: or, INT: 45, OP: ==, INT: 46, NAME: or, INT: 4, OP: <, INT: 6, STRING: should jump to line 7 after 23==23, INT: 23, OP: ==, INT: 23, NAME: or, INT: 45, OP: ==, INT: 45, NAME: or, INT: 4, OP: <, INT: 6, STRING: should jump to value 1024 after 33 == 11 * 3, INT: 33, OP: ==, INT: 11, OP: *, INT: 3, NAME: or, INT: 23, OP: ==, INT: 23, INT: 1024, EOF: line 8
__SECTION__
tokenize_Err:

__SECTION__
compile_Out:
0 errors
224 instructions [8, 115, 104, 111, 117, 108, 100, 32, 106, 117, 109, 112, 32, 116, 111, 32, 108, 105, 110, 101, 32, 51, 32, 97, 102, 116, 101, 114, 32, 52, 60, 54, 0, 4, 4, 4, 6, 19, 13, 13, 0, 4, 45, 4, 45, 17, 13, 5, 0, 4, 23, 4, 32, 17, 8, 115, 104, 111, 117, 108, 100, 32, 101, 120, 101, 99, 117, 116, 101, 32, 97, 108, 108, 32, 108, 105, 110, 101, 32, 52, 0, 4, 23, 4, 32, 17, 13, 13, 0, 4, 45, 4, 46, 17, 13, 5, 0, 4, 4, 4, 6, 19, 8, 115, 104, 111, 117, 108, 100, 32, 106, 117, 109, 112, 32, 116, 111, 32, 108, 105, 110, 101, 32, 55, 32, 97, 102, 116, 101, 114, 32, 50, 51, 61, 61, 50, 51, 0, 4, 23, 4, 23, 17, 13, 13, 0, 4, 45, 4, 45, 17, 13, 5, 0, 4, 4, 4, 6, 19, 8, 115, 104, 111, 117, 108, 100, 32, 106, 117, 109, 112, 32, 116, 111, 32, 118, 97, 108, 117, 101, 32, 49, 48, 50, 52, 32, 97, 102, 116, 101, 114, 32, 51, 51, 32, 61, 61, 32, 49, 49, 32, 42, 32, 51, 0, 4, 33, 4, 11, 4, 3, 25, 17, 13, 5, 0, 4, 23, 4, 23, 17, 5, 0, 4]
__SECTION__
compile_Err:

__SECTION__
simulation_Out:
0    	OP_STRING => should jump to line 3 after 4<6 --
33   	OP_INT1 => 4 --
35   	OP_INT1 => 6 --
37   	OP_LT => True --
38   	OP_JUMP_IF => jump 13 --
54   	OP_STRING => should execute all line 4 --
81   	OP_INT1 => 23 --
83   	OP_INT1 => 32 --
85   	OP_EQ => False --
86   	OP_JUMP_IF => !jump 13 --
89   	OP_INT1 => 45 --
91   	OP_INT1 => 46 --
93   	OP_EQ => False --
94   	OP_JUMP_IF => !jump 5 --
97   	OP_INT1 => 4 --
99   	OP_INT1 => 6 --
101  	OP_LT => True --
102  	OP_STRING => should jump to line 7 after 23==23 --
138  	OP_INT1 => 23 --
140  	OP_INT1 => 23 --
142  	OP_EQ => True --
143  	OP_JUMP_IF => jump 13 --
159  	OP_STRING => should jump to value 1024 after 33 == 11 * 3 --
205  	OP_INT1 => 33 --
207  	OP_INT1 => 11 --
209  	OP_INT1 => 3 --
211  	OP_MUL => 33 --
212  	OP_EQ => True --
213  	OP_JUMP_IF => jump 5 --
221  	OP_INT2 => 1024 --
__SECTION__
simulation_Err:
