tokenize_Out:
INT: 45, OP: +, INT: 5, OP: *, INT: 8, OP: <, INT: 1000, NAME: or, OP: !, INT: 34, STRING: hello, OP: +, INT: 23, EOF: line 1
__SECTION__
tokenize_Err:

__SECTION__
compile_Out:
Error line 1, column 7 : ! operation's rvalue is not boolean (<class 'int'>)
Error line 1, column 7 : or right condition is not boolean (<class 'int'>)
Error line 1, column 12 : operand types do not match +
3 errors
__SECTION__
compile_Err:

__SECTION__
simulation_Out:

__SECTION__
simulation_Err:
Traceback (most recent call last):
  File "C:\Users\lucco\Desktop\tests\pyLang\compiler\vm_simulator.py", line 23, in <module>
    with open(args.filepath,'rb') as file:
FileNotFoundError: [Errno 2] No such file or directory: 'tests/wrong_behaviour.hex'