compile_Out:
Error line 1, column 4 : hello2 not declared yet
1 errors
__SECTION__
compile_Err:

__SECTION__
simulation_Out:

__SECTION__
simulation_Err:
Traceback (most recent call last):
  File "C:\Users\lucco\Desktop\tests\Lang\compiler\vm_simulator.py", line 13, in <module>
    with open(args.input,'rb') as file:
FileNotFoundError: [Errno 2] No such file or directory: 'tests\\basic_test.hex'